node.exe : FAIL 
tests/integration/dashboard-page.test.tsx
At C:\Softwares\nodejs\npx.ps1:16 char:5
+     & "$basedir/node$exe"  
"$basedir/node_modules/npm/bin/npx-cli.js" ...
+     ~~~~~~~~~~~~~~~~~~~~~~~~~~~~~~~~~~~~~~~~~~~~~~~
~~~~~~~~~~~~~~~~~~
    + CategoryInfo          : NotSpecified: (FAIL te 
   sts/inte...d-page.test.tsx:String) [], RemoteExc  
  eption
    + FullyQualifiedErrorId : NativeCommandError
 
  ΓùÅ Test suite failed to run

    Cannot find module '@/lib/supabase/server' from 
'tests/integration/dashboard-page.test.tsx'

    [0m [90m 1 |[39m [36mimport[39m 
[33mReact[39m [36mfrom[39m 
[32m'react'[39m[33m;[39m
     [90m 2 |[39m [36mimport[39m { 
render[33m,[39m screen } [36mfrom[39m 
[32m'@testing-library/react'[39m[33m;[39m
    [31m[1m>[22m[39m[90m 3 |[39m 
[36mimport[39m [33mDashboardPage[39m 
[36mfrom[39m 
[32m'@/app/dashboard/page'[39m[33m;[39m
     [90m   |[39m      [31m[1m^[22m[39m
     [90m 4 |[39m [36mimport[39m [33m*[39m 
[36mas[39m tripsLib [36mfrom[39m 
[32m'@/lib/supabase/trips'[39m[33m;[39m
     [90m 5 |[39m [36mimport[39m [33m*[39m 
[36mas[39m serverSupabaseLib [36mfrom[39m 
[32m'@/lib/supabase/server'[39m[33m;[39m
     [90m 6 |[39m [36mimport[39m { 
[33mTrip[39m } [36mfrom[39m 
[32m'@/types/database.types'[39m[33m;[39m[0m

      at Resolver._throwModNotFoundError 
(node_modules/jest-resolve/build/index.js:863:11)
      at Object.<anonymous> 
(tests/integration/dashboard-page.test.tsx:3:6)

Test Suites: 1 failed, 1 total
Tests:       0 total
Snapshots:   0 total
Time:        2.024 s
Ran all test suites matching 
tests/integration/dashboard-page.test.tsx.
